Traceback (most recent call last):
  File "/home/runner/.virtualenvs/.venv/lib/python3.11/site-packages/jupyter_cache/executors/utils.py", line 58, in single_nb_execution
    executenb(
  File "/home/runner/.virtualenvs/.venv/lib/python3.11/site-packages/nbclient/client.py", line 1323, in execute
    return NotebookClient(nb=nb, resources=resources, km=km, **kwargs).execute()
           ^^^^^^^^^^^^^^^^^^^^^^^^^^^^^^^^^^^^^^^^^^^^^^^^^^^^^^^^^^^^^^^^^^^^^
  File "/home/runner/.virtualenvs/.venv/lib/python3.11/site-packages/jupyter_core/utils/__init__.py", line 165, in wrapped
    return loop.run_until_complete(inner)
           ^^^^^^^^^^^^^^^^^^^^^^^^^^^^^^
  File "/opt/hostedtoolcache/Python/3.11.14/x64/lib/python3.11/asyncio/base_events.py", line 654, in run_until_complete
    return future.result()
           ^^^^^^^^^^^^^^^
  File "/home/runner/.virtualenvs/.venv/lib/python3.11/site-packages/nbclient/client.py", line 709, in async_execute
    await self.async_execute_cell(
  File "/home/runner/.virtualenvs/.venv/lib/python3.11/site-packages/nbclient/client.py", line 1062, in async_execute_cell
    await self._check_raise_for_error(cell, cell_index, exec_reply)
  File "/home/runner/.virtualenvs/.venv/lib/python3.11/site-packages/nbclient/client.py", line 918, in _check_raise_for_error
    raise CellExecutionError.from_cell_and_msg(cell, exec_reply_content)
nbclient.exceptions.CellExecutionError: An error occurred while executing the following cell:
------------------
import pandas as pd
import numpy as np
import seaborn as sns

import matplotlib.pyplot as plt
from matplotlib import colormaps, cm
from matplotlib.collections import PatchCollection
from matplotlib.patches import Rectangle
from matplotlib.lines import Line2D
from pandas.plotting import parallel_coordinates
import statsmodels.api as sm
------------------


[31m---------------------------------------------------------------------------[39m
[31mModuleNotFoundError[39m                       Traceback (most recent call last)
[36mCell[39m[36m [39m[32mIn[1][39m[32m, line 11[39m
[32m      7[39m [38;5;28;01mfrom[39;00m matplotlib.collections [38;5;28;01mimport[39;00m PatchCollection
[32m      8[39m [38;5;28;01mfrom[39;00m matplotlib.patches [38;5;28;01mimport[39;00m Rectangle
[32m      9[39m [38;5;28;01mfrom[39;00m matplotlib.lines [38;5;28;01mimport[39;00m Line2D
[32m     10[39m [38;5;28;01mfrom[39;00m pandas.plotting [38;5;28;01mimport[39;00m parallel_coordinates
[32m---> [39m[32m11[39m [38;5;28;01mimport[39;00m statsmodels.api [38;5;28;01mas[39;00m sm

[31mModuleNotFoundError[39m: No module named 'statsmodels'

